// Jest Snapshot v1, https://goo.gl/fbAQLP

exports[`<Post /> unit tests Should mount the component correctly 1`] = `
<View
  accessible={true}
  collapsable={false}
  focusable={false}
  onClick={[Function]}
  onResponderGrant={[Function]}
  onResponderMove={[Function]}
  onResponderRelease={[Function]}
  onResponderTerminate={[Function]}
  onResponderTerminationRequest={[Function]}
  onStartShouldSetResponder={[Function]}
  style={
    Object {
      "opacity": 1,
    }
  }
  testID="postItem"
>
  <View
    style={
      Object {
        "alignItems": "center",
        "backgroundColor": "white",
        "flexDirection": "row",
        "justifyContent": "space-between",
        "margin": 8,
        "marginBottom": 4,
        "paddingLeft": 10,
        "paddingRight": 64,
        "paddingVertical": 12,
        "width": "auto",
      }
    }
  >
    <View
      style={
        Object {
          "flex": 1,
        }
      }
    >
      <Text
        style={
          Object {
            "fontSize": 16,
          }
        }
        testID="postTitle"
      >
        post title test
      </Text>
    </View>
    <View
      style={
        Object {
          "marginLeft": 8,
          "opacity": 1,
          "padding": 16,
          "position": "absolute",
          "right": 0,
        }
      }
    >
      <View
        accessibilityState={
          Object {
            "disabled": false,
          }
        }
        accessible={true}
        collapsable={false}
        focusable={true}
        onClick={[Function]}
        onResponderGrant={[Function]}
        onResponderMove={[Function]}
        onResponderRelease={[Function]}
        onResponderTerminate={[Function]}
        onResponderTerminationRequest={[Function]}
        onStartShouldSetResponder={[Function]}
        style={
          Object {
            "opacity": 1,
          }
        }
        testID="postFavouriteIcon"
      >
        <Text />
      </View>
    </View>
  </View>
</View>
`;
